// Vitest Snapshot v1, https://vitest.dev/guide/snapshot.html

exports[`getAllArticles > データ取得のクエリが変わらないこと 1`] = `
[
  {
    "appUid": "xxx",
    "modelUid": "article",
    "query": {
      "order": [
        "-publishDate",
      ],
      "select": [
        "title",
        "slug",
        "tags",
        "_sys",
      ],
    },
  },
]
`;
